-2972 -1096 -1724 -2152 -8566 -5106 -9834 -1758 -9636 -5514 -6990 -336 -7558 -4098 -9960 -5226 -2424 -2560 -672 -9922 -5402 -7736 -5016 -3286 -5982 -6822 -9180 -7646 -1372 -684 -4830 -2306 -8852 -6328 -4412 -532 -9088 -382 -7016 -176 -7678 -9694 -3466 -4598 -9670 -3758 -3936 -8078 -9096 -8640 -8190 -7708 -2312 -1414 -312 -870 -4612 -5598 -5162 -9122 -2802 -6210 -8078 -5436 -8790 -1282 -8634 -1698 -3940 -4884 -620 -5846 -2654 -7514 -7942 -3844 -8690 -9502 -750 -4288 -3370 -3870 -6976 -4454 -2504 -6006 -7840 -9868 -9878 -6814 -1500 -1590 -5476 -4902 -8686 -8490 -2756 -2746 -3928 -6660 -9996 -1630 -9302 -2170 -6150 -5586 -2382 -5360 -4646 -1474 -7906 -4590 -8228 -9352 -8210 -4710 -4036 -584 -1094 -2804 -6710 -7204 -6246 -5132 -3028 -4038 -936 -5324 -9958 -8920 -2138 -5360 -7916 -7720 -1618 -2676 -2826 -9868 -6154 -5512 -4948 -6172 -5984 -1020 