-4574 -9012 -5056 -2052 -792 -5668 -3736 -7344 -2326 -6226 -7830 -1132 -5324 -2814 -4496 -786 -9374 -1356 -1636 -3452 -5238 -7352 -5628 -4792 -1148 -5484 -8336 -8960 -4920 -8086 -5446 -4286 -3760 -9020 -7980 -8584 -6328 -6422 -8976 -8330 -3650 -5190 -6610 -9648 -7428 -5452 -2876 -9754 -802 -5926 -3624 -3162 -2058 -3360 -4216 -5152 -4528 -9964 -2838 -588 -2278 -6256 -2908 -7630 -2564 -3376 -3372 -5032 -6496 -7596 -4168 -7036 -5092 -8430 -6894 -6628 -6966 -714 -5360 -4936 -5668 -4452 -8314 -3722 -9212 -1462 