-5806 -1488 -2202 -5146 -8606 -4836 -9090 -6320 -3164 -5042 -8038 -5686 -2078 -9294 -762 -5794 -8982 -694 -4366 -6308 -6986 -8366 -3726 -8592 -772 -9136 -3064 -7162 -8172 -2678 -1952 -3806 -5542 -8964 -3954 -7872 -208 -9900 -9660 -1768 -2228 -1908 -2288 -1102 -3132 -4598 -4752 -3170 -5194 -8094 -5164 -9816 -9446 -2308 -2482 -6940 -2356 -7162 -96 -3692 -1260 -1790 -2252 -8208 -8430 -9222 -662 -240 -5320 -4264 -9234 -6428 -2158 -4002 -7500 -1136 -2254 -3574 -6308 -4390 -2992 -5172 -7432 -756 -8616 -612 -9910 -9666 -4338 -466 -4690 -3048 -8016 -4680 -8142 -9140 -6278 -3696 -2106 -3094 -4024 -9142 -398 -1736 -3692 -9488 -466 -6906 -7856 -9848 -5876 -3634 -8530 -4966 -5640 -2868 -2098 -7098 -4414 -118 -9882 -4814 -7744 -5496 -1096 -7414 -6658 -3030 -9748 -4462 -3108 -3506 -8238 