-4990 -1232 -6840 -2084 -9264 -8806 -518 -9868 -7214 -2436 -5666 -5184 -5956 -4260 -1770 -3774 -6788 -9584 -4950 -6536 -40 -6878 -9180 -8294 -6654 -1670 -5254 -5708 -2388 -7586 -872 -6592 -8202 -6986 -3982 -4066 -5022 -8672 -5728 -1618 -8044 -7266 -9568 -8928 -3366 -9164 -6182 -3268 -1226 -1994 -8792 -9104 -4004 -9002 -1268 -1248 -3768 -8080 -3904 -8362 -2168 -3768 -7794 -8632 -836 -2930 -1814 -1584 -790 -8968 -9960 -3816 -170 -8550 -6678 -3186 -4898 -7322 -2760 -1188 -9286 -272 -6530 -1904 -7744 -4642 -4788 -442 -3400 -5668 -4228 -8386 -7634 -8728 -9218 -3402 -1076 -6954 -6422 -1648 -4722 -4136 -526 -7062 -8248 -1734 -5930 -7298 -9030 -6342 -2516 -6304 -60 -2312 -7606 -4536 -7634 -7604 -8348 -826 -7590 -9960 -214 -430 -2788 -9092 -4708 -4360 -6006 -5484 -5036 -3028 -5624 -3328 -4938 -8224 -8494 -2870 -2614 -6294 -8316 -8328 -8380 -3112 -7520 -1490 -2854 -4948 -6644 -5228 