-2038 -926 -1660 -518 -7824 -9442 -5856 -6342 -1686 -312 -5658 -7856 -3214 -3266 -2226 -6878 -8630 -9102 -6836 -4754 -7674 -8380 -686 -4836 -784 -48 -1946 -8642 -8868 -7970 -7014 -6348 -7434 -5952 -1282 -7654 -1020 -2610 -5914 -8960 -3880 -838 -544 -3374 -910 -1804 -7152 -5932 -1494 -4688 -7922 -6156 -2318 -6870 -1256 -1422 -5076 -9994 -7608 -2422 -6928 -7564 -9744 -5464 -6474 -270 -4842 -5148 -5348 -264 -3862 -5600 -1750 -2356 -5944 -5652 -4104 -344 -5614 -7896 -2598 -3822 -4148 -9654 -6096 -244 -1138 -7522 -6666 -3298 -2668 -7592 -5870 -444 -98 -4846 -2716 -8394 -102 -6400 -6408 -6740 -3066 -8644 -2372 -3580 -4360 -1740 -8672 -8730 -7440 -6274 -4290 -2688 -6338 -8542 -7378 -4120 -564 -4110 -7376 -8606 -114 -2338 -8706 -4158 -8744 -5620 -9020 -8156 -6532 -84 -570 -5862 -2108 -8282 -5994 -4438 -572 -9140 -8144 -9604 -9008 -5536 -9270 -2500 -5350 -5038 -9610 -7906 -2158 -1192 -1256 -8226 -9518 -8854 -7736 -3188 -3352 -4634 -60 -6204 -4104 -1954 -4022 -4852 -8934 -2148 -8822 -2688 