-4274 -9378 -3986 -2964 -2326 -7824 -5582 -8780 -5598 -2146 -8000 -9128 -9908 -9528 -1298 -154 -1990 -7536 -5174 -6198 -4378 -6192 -1136 -5920 -7998 -3112 -6686 -9228 -848 -2768 -4804 -5052 -6474 -570 -9782 -4176 -958 -8402 -3632 -794 -2414 -5686 -7520 -3182 -3904 -7358 -1790 -3802 -1462 -448 -4426 -8820 -4124 -7496 -948 -6728 -4390 -1310 -5774 -7022 -2636 -1412 -3470 -2422 -9922 -7876 -40 -5198 -8970 -9146 -5874 -6000 -2830 -380 -4198 -1730 -998 -2248 -1654 -2518 -8730 -358 -6322 -9130 -4218 -2024 -9184 -4606 -3988 -1542 -1780 -4062 -9882 -5050 -9660 -94 -8692 -3848 -1752 -9730 -348 -2372 -6856 -9752 -2798 -7684 -7458 -7824 -8038 