-5682 -3140 -1896 -9012 -8366 -6600 -1766 -7330 -2770 -4384 -4016 -2234 -8000 -3856 -5004 -4814 -7952 -2024 -9428 -1866 -2314 -7768 -260 -3972 -18 -5476 -6740 -6174 -4546 -6840 -9614 -1862 -7838 -6048 -2008 -1958 -1106 -5522 -6188 -5182 -7522 -6298 -7952 -7636 -4532 -2750 -4172 -2436 -2646 -6642 -358 -628 -2524 -9702 -384 -9036 -1764 -7614 -2932 -3572 -124 -6392 -5638 -2000 -1118 -2186 -74 -6660 -8212 -2268 -58 -8124 -8266 -2838 -5336 -4008 -3328 -352 -5986 -6638 -210 -9724 -6484 -5722 -892 -4054 -4154 -1368 -2202 -4704 -358 -9408 -7288 -4684 -2412 -3250 -7556 -3774 -7348 -4710 -7594 