-4342 -9780 -182 -5292 -4816 -6412 -7848 -4636 -8606 -6010 -8652 -7170 -3024 -940 -5046 -7550 -4976 -2688 -7656 -4134 -7318 -522 -4258 -6086 -6438 -2032 -582 -2242 -4302 -2190 -8600 -3978 -4770 -3486 -8386 -578 -2326 -7294 -1202 -7012 -4178 -2350 -642 -5682 -4540 -9576 -1454 -8478 -9006 -9848 -102 -6162 -1014 -926 -1448 -5946 -1028 -3148 -5148 -5686 -6822 -8784 -6040 -2968 -1000 -314 -9128 -2018 -2124 -6112 -9900 -7284 -5578 -2166 -9106 -4748 -7436 -3546 -9120 -7446 -5780 -1448 -1634 -488 -5656 -1372 -2336 -1660 -5290 -696 -3158 -8200 -8920 -230 -5198 -5576 -4886 -3106 -50 -4026 -3498 -4480 -6568 -5508 -930 -2166 -8294 -2760 -3414 -8678 -2514 -3500 -4556 -6358 -5304 -9652 -4434 -8740 -770 -2794 -9828 -1308 -2666 -4004 -4162 -7820 -9094 -4076 -9262 -3366 -3308 -1794 -620 -1888 -7978 -5824 -6024 -3184 -1082 -8944 -7384 -8330 -6582 -6296 -532 -7014 -1278 -7484 -9592 -1882 -6678 -408 -4128 -3270 -3314 -8230 -9718 -9464 -6954 -3680 -3340 -3622 -4144 -6584 -9862 