-3344 -2934 -8456 -2192 -8168 -7376 -9752 -8148 -8126 -634 -760 -9282 -6864 -1834 -7966 -2996 -5654 -5726 -2226 -9730 -8016 -5830 -9620 -7812 -6584 -2394 -7864 -3090 -7358 -6204 -7268 -428 -9770 -2224 -5278 -1680 -372 -4864 -1098 -8672 -4484 -5026 -3434 -9540 -38 -9678 -3104 -9306 -6758 -8236 -2144 -9736 -9084 -5002 -7544 -7154 -3156 -8330 -5864 -8130 -5296 -392 -1566 -2804 -3256 -7956 -3430 -3120 -1332 -878 -7736 -3114 -2004 -2862 -6588 -4018 -4532 -5596 -2726 -6122 -7074 -4074 -4448 -1178 -756 -254 -804 -3590 -1572 -3756 -2430 -6278 -3588 -4114 -8602 -5488 -5308 -5434 -3178 -8030 -7948 -7580 -5852 -2348 -8836 -8662 -8710 -1528 -272 -1678 -1894 -1066 -7138 -5866 -998 -9324 