-1402 -7400 -576 -396 -7844 -670 -4838 -8024 -1444 -1840 -6826 -8820 -5954 -2648 -2258 -2698 -9598 -2238 -6508 -5548 -8714 -1086 -9140 -4128 -6734 -578 -2050 -6762 -6306 -4740 -5588 -4658 -636 -6510 -632 -7128 -2410 -1540 -6076 -7106 -8204 -5956 -3694 -8366 