-3008 -524 -4766 -8156 -4136 -7474 -1890 -6786 -226 -6702 -6998 -6714 -1782 -9794 -7414 -1250 -3626 -8330 -8892 -8072 -4720 -7362 -8786 -3134 -3258 -4568 -3694 -8808 -1472 -6574 -2660 -1958 -1842 -9948 -4794 -9926 -5352 -2570 -4824 -8670 -2776 -5692 -4002 -2198 -6050 -7560 -4718 -6344 -6650 -5482 -6204 -7124 -1126 -2336 -5810 -6296 -230 -4730 -1114 -3178 -166 -9798 -7370 -1902 -7918 -686 -7018 -3616 -62 -9120 -1046 -7760 -9728 -5762 -9928 -5438 -8100 -8598 -2636 -8484 -6142 -7206 -4782 -4260 -7474 -1348 -9022 -2398 -9080 -7698 -3772 -1078 -7696 -8436 -1940 -3568 -2650 -476 -9658 -4670 -3896 -9022 -3602 -2480 -2542 -1158 -5524 -2234 -5338 -5708 -4234 -7946 -7194 -3658 -2194 -3622 -3408 -2102 -5876 -2538 -922 -3156 -9850 -9236 -938 -7906 -1678 -6402 -8154 -1036 -2950 -5680 -4242 -2088 -5470 -648 -652 -2910 -3642 -4742 -7936 -6576 -4628 -1444 -6844 -9204 -5126 -2376 -1348 -5150 -4794 -3124 -4590 -332 -6134 -4080 -8474 -3498 -2420 -6840 -3618 