-4350 -1922 -4970 -5326 -7700 -1190 -6178 -6926 -1502 