-2394 -1036 -4982 -290 -5470 -6088 -9470 -2730 -1072 -7338 -6504 -938 -8608 -318 -664 -432 -7162 -5644 -4226 -8350 -6248 -6246 -5440 -2946 -7752 -4978 -734 -2314 -2928 -7528 -862 -3032 -9176 -278 -6084 -1836 -514 -4474 -4716 -7478 -9876 -1984 -8186 -6078 -3992 -8520 -5694 -218 -4094 -3480 -4354 -840 -4088 -6530 -6916 -8938 -1364 -1524 -3568 -8648 -9050 -5702 -4106 -7472 -9930 -6946 -5526 -6926 -9568 -1666 -9372 -2880 -6678 -960 -6006 -5158 -4900 -5534 -8222 -4466 -5600 -3350 -8540 -1770 -1530 -2380 -1380 -9340 -4926 -8128 -8758 -5404 -3686 -7126 -6790 -3456 -6820 -6234 -8452 -4170 -302 -2130 -4580 -472 -7018 -7560 -2480 -8202 -9602 -8082 -96 -8444 -9394 -224 