-9860 -8230 -1722 -2182 -270 -3074 -1982 -1598 -5354 -1922 -8618 -10000 -5236 -4108 -8872 -4950 -6682 -8210 -1924 -5314 -392 -4788 -7284 -6404 -6474 -2680 -5946 -618 -4680 -8208 -816 -8924 -1512 -8620 -5630 -540 -1592 -4654 -7252 -8368 -3546 -2502 -4480 -1908 -7502 -6922 -8602 -9478 -3484 -8690 -4352 -9008 -162 -8822 -4386 -8152 -7390 -6340 -9988 -8372 -7588 -9280 -3046 -3468 -3246 -1558 -2654 -9938 -5640 -8716 -7726 -4324 -5704 -3318 -7118 -6124 -3180 -1606 -7650 -3344 -8630 -6526 -9256 -5592 -9338 -7332 -8758 -2726 -6584 -5134 -4082 -7110 -112 -6618 -2404 -3520 -1524 -5678 -9936 -6156 -6248 -2522 -5546 -2324 -1044 -3984 -5560 -958 -2256 -9768 -2542 -1228 -8376 -5450 -4716 -6822 -798 -8490 -6780 -3680 -9472 -3410 -8002 -5146 -7744 -4006 -5068 -1936 -6342 -6316 -866 -2156 -2052 -4508 -1182 -9982 -938 -6276 -1978 -2934 