-1606 -8620 -7162 -5026 -3022 -4962 -6442 -2346 -4136 -2896 -4524 -920 -6014 -7012 -9802 -7702 -8620 -3672 -1486 -8584 -3364 -4780 -1864 -9200 -1348 -2664 -3430 -3870 -6802 -5408 -6506 -6514 -1608 -5642 -3604 -4532 