-6136 -1546 -2244 -1200 -9256 -3986 -4342 -6782 -5124 -1496 -1752 -7536 -4940 -4446 -426 -2684 -6878 -932 -194 -9690 -7470 -3816 -170 -4270 -1146 -6090 -5402 -4780 -3298 -8258 -9950 -1942 -3232 -6556 -3874 -9114 -4160 -3592 -5084 -8106 -8210 -6944 -9684 -992 -2042 -9628 -9858 -974 -8328 -7632 -8324 -6266 -8814 -5230 -3394 