-1736 -2640 -3790 -9220 -2688 -470 -510 -1092 -6088 -1670 -9014 -2706 -2220 -4850 -7570 -120 -8784 -1508 -7350 -7074 -4966 -5284 -6072 -2212 -5150 -7318 -1124 -6076 -424 -6096 -4776 -1896 -1344 -6370 -4624 -3774 -5986 -2230 -6516 -8064 -5426 -3260 -316 -4158 -2418 -4502 -3656 -9678 -276 -7636 -3150 -4332 -3824 -8730 -6394 -1220 -668 -4170 -1110 -4400 -5068 -5272 -2800 -3958 -2178 -6352 -2168 -570 -2210 -7998 -4904 -1960 -9670 -9878 -9386 -3206 -5902 -2128 -8250 