-9598 -2718 -8088 -7450 -1724 -6010 -9454 -5176 -434 -6042 -7472 -1744 -8990 -4776 -7232 -2178 -7718 -7098 -266 -9604 -9380 -2140 -5096 -5166 -332 -9772 -7994 -558 -9774 -9128 -8322 -8748 -7538 -3826 -742 -1832 -9542 -3898 -6356 -8500 -2170 -5518 -4980 -2084 -5838 -5438 -8198 -9576 -1576 -5294 -5232 -5956 -7146 -9754 -3798 -7132 -6300 -7856 -3056 -6752 -9748 -8612 -8270 -1998 -7812 -1086 -5236 -636 -5630 -9190 -6130 -4370 -5600 -4600 -4184 -5316 -9850 -5816 -7032 -8480 -6376 -1712 -9494 -392 -7020 -1278 -398 -5282 -2396 -884 -3300 -930 -206 -2438 -1632 -1300 -9934 -6348 -7554 -4966 -2274 -4288 -4864 -6982 -3270 -7168 -7048 -8728 -6970 -6182 -1636 -7700 -2672 