-9762 -9348 -1114 -888 -5240 -6238 -5448 -5524 -3314 -7094 -3514 -8204 -3180 -6566 -9516 -2050 -1742 -630 -2426 -1752 -1400 -2660 -9420 -4800 -7734 -8398 -5988 -9250 -7286 -1296 -6154 -9382 -2240 -2858 -4544 -7552 -5882 -2908 -3604 -5610 -258 -6370 -2184 -8492 -1504 -5722 -5564 -7622 -8646 -9864 -202 -1520 -9058 -2966 -4982 -4318 -170 -4964 -2766 -4392 -5254 -7204 -5682 -4650 -3066 -6370 -6204 -6126 -7266 -754 -3450 -492 -2580 -9714 -3936 -8040 -4146 -3996 -3322 -7666 -7080 -3952 -1950 -8820 -96 -464 -6970 -8848 -1388 -442 -7932 -3076 -5538 -1146 -2222 -398 -494 -7638 -1490 -5282 -2236 -1046 -2946 -2480 -3378 -464 -82 -4040 -1558 -5090 -8556 -5490 -7744 -3546 -9844 -2548 -9836 -2546 -4898 -4690 -2134 -2916 -6614 -1294 -3190 -5352 -1446 -5846 -8008 -9026 -6012 -4810 -7660 -3610 -6904 -6544 -8812 -2720 -8424 -6670 