-5510 -278 -1338 -4886 -3274 -1700 -9580 -1066 -3862 -8016 -3694 -9680 -6346 -6964 -7174 -162 -7628 -4918 -7756 -8070 -8784 -6346 -4472 -2544 -9220 -2572 -3728 -8908 -4542 -8450 -6874 -8914 -4986 -6700 -7522 -8960 -9088 -6678 -8398 -1398 -3918 -8304 -8546 -424 -4800 -6592 -5546 -1538 -1450 -3320 -110 -7330 -3148 -794 -4124 -9452 -6484 -8960 -8520 -5886 -5794 -4516 -6154 -3252 -7496 -7704 -7608 -2794 -7938 -7352 -2678 -4182 -6646 -2314 -740 -5342 -5748 -6636 -3414 -310 -3960 -540 -3086 -1988 -6874 -152 -4814 -3994 -6462 -1818 -828 -8674 -9342 -5594 -8966 -912 -2166 -5300 -7130 -6182 -9820 -3472 -7306 -5884 -8418 -3412 -3944 -5726 -5568 -3084 -1692 -2642 -1986 -7772 -3354 -6342 -3260 -2072 -1124 -3344 -8908 -1904 -4524 -7682 -7046 -3116 -3120 -4050 -9798 -9608 -9704 -4466 -32 -3640 -610 -7492 -282 -8296 -7598 -9320 -914 -2484 -4136 -1026 -4402 -9996 -5250 -6136 -3520 