-3232 -8626 -9528 -5278 -5684 -3118 -8376 -314 -726 -4490 -8652 -6420 -8780 -882 -9530 -424 -7490 -7168 -4056 -4606 -498 -4350 -5250 -4924 -256 -5700 -3086 -6194 -4516 -5668 -700 -996 -5002 -1286 -6660 -7426 -9746 -3876 -190 -2284 -5242 -3376 -7712 -5912 -1046 -8432 -580 -3494 -2024 -468 -2208 -7682 -9214 -6830 -1162 -7804 -3230 -7832 -196 -3052 -1936 -420 -4648 -1288 -4224 -552 -4676 