-5442 -4206 -4328 -4284 -296 -4552 -8828 -5122 -3660 -3760 -742 -414 -7568 -4624 -154 -4960 -8820 -8254 -6860 -310 -4852 -1728 -4694 -4966 -9538 -4780 -1116 -1680 -2226 -9876 -3140 -6176 -6046 -9976 -6560 -3696 -6858 -3286 -1344 -9450 -7122 -598 -2630 -7422 -3500 -3558 -9722 -5392 -8796 -3622 -2802 -9508 -876 -2138 -2506 -3316 -1168 -2688 -3144 -7476 -9184 -9562 -6188 -7166 -6942 -7820 -598 -1422 -4050 -4938 -7298 -4710 -3768 -3454 -1238 -5382 -6936 -4254 -9222 -8664 -3440 -8536 -8498 -1890 -5148 -8184 -2066 -4362 -9190 -2100 -1504 -4714 -5990 -7786 -4368 -8518 -8714 -9710 -9720 -1042 -1822 -8556 -6466 -5098 -9476 -2996 -9462 -8796 -6688 -4292 -5596 -3424 -3678 -1312 -8932 -4518 -9046 -3392 -4232 -862 -3680 -8144 -2374 -6564 -4152 -6320 -1310 -6082 -9976 -8018 -4144 -2922 -908 -2562 -9622 -3218 -8696 -2206 -3274 -5204 -5262 -9416 -6828 -4462 -1066 -3596 -3782 -1818 -2056 -2078 