-422 -9582 -3788 -6388 -2600 -774 -5772 -4270 -8514 -2304 -1654 -3794 -4936 -7628 -6742 -9110 -9010 -4860 -5632 -9554 -2028 -2804 -3766 -7782 -6906 -6394 -4116 -4102 -38 -1860 -9698 -9370 -8564 -912 -2692 -1026 -1138 -1482 -5276 -1464 -8678 -2414 -700 -9596 -8144 -1920 -826 -9178 -336 -7394 -8220 -8180 -7770 -7708 -1250 -1050 -3968 -6696 -4104 -9016 -962 -9868 -7988 -4820 -4444 -7078 -7414 -768 -8372 -1592 -8768 -7106 -9236 -1928 -3852 -8808 -5570 -5998 -8794 -5064 -7966 -4168 -6244 -8950 -3428 -7544 -6912 -8844 -1808 -6724 -5628 -1770 -3392 -1600 -9366 -104 