-4468 -5572 -7322 -576 -584 -1186 -3628 -3280 -9748 -1634 -9478 -8640 -6646 -6200 -4780 -5666 -4238 -3626 -2386 -994 -1012 -3460 -8874 -6440 -8598 -5670 -2212 -1456 -4490 -5466 -6442 -8892 -9748 -3230 -3716 -8264 -4734 -9932 -9446 -30 -3056 -6398 -436 -2400 -5712 -3932 -172 -6894 -2224 -6446 -2284 -6936 -9178 -332 -8918 -2596 -5872 -7636 -824 -4472 -822 -5626 -8464 -7180 -8736 -5718 -1320 -8808 -3960 -8860 -8874 -7292 -9402 -6906 -2788 -7912 -3336 -7104 -5384 -2378 -1934 -7908 -7388 -2138 -1490 -428 -4824 -9180 -6766 -998 -4246 -7636 -6674 -1350 -906 -6236 -5090 -6750 