-328 -2362 -8246 -5294 -1842 -9162 -9918 -8010 -644 -2770 -7850 -9054 -5558 -3342 -8868 -1886 -9702 -474 -5318 -3116 -5110 -8508 -1010 -3112 -9536 -2468 -8062 -2030 -6920 -644 -7832 -7934 -5566 -7748 -9432 -2512 -4504 -3186 -1342 -6716 -9080 -3606 -7782 -2558 -3806 -6144 -976 -2082 -6682 -794 -2310 -9328 -9364 -4004 -9916 -3266 -5916 -140 -3210 -2784 -8556 -9830 -580 -9912 -5400 -9410 -2316 -3440 -5414 -7804 -8150 -9986 -5526 -4082 -8134 -3676 -2546 -6728 -878 -1944 -9386 -6204 -5784 -3174 -7362 -7060 -6788 -9664 -4496 -9580 -2332 -1038 -6502 -5364 -5080 -9962 -8284 -3360 -5882 -376 -5374 -8584 -4194 -7418 -9854 -8700 -7906 -1776 -8226 -308 -2288 -6504 -3860 -104 -9702 -5256 -7468 -6270 -3584 -7038 -2660 -4808 -5148 -5742 -4956 -2684 -3456 -9868 -3162 -1404 -5592 -4392 -5182 -708 -2892 -7454 -5138 -7568 -9118 