-6712 -9802 -2932 -7008 -1000 -4196 -1174 -672 -8144 -586 -2842 -7734 -9212 -2098 -2006 -6046 -5466 -7108 -9602 -8010 -9814 -8484 -1438 -6640 -4102 -8454 -9474 -4164 -9054 -3666 -1838 -5076 -9290 -7162 -8204 -9196 -5264 -2692 -6538 -320 -4780 -7870 -5164 -2678 -9210 -5022 -7322 -3712 -7990 -1252 -2112 -8706 -6922 -2452 -6410 -4778 -6648 -7752 -5958 -8888 -1416 -7292 -5522 