-7070 -3168 -5782 -9330 -7072 -8590 -550 -5908 -4780 -7974 -96 -5050 -5628 -228 -9424 -374 -2364 -8146 -5604 -9628 -3936 -3228 -4540 -5826 -8746 -2102 -512 -2862 -1938 -3622 -5040 -9026 -4418 -2344 -8386 -3216 -2524 -4994 -6086 -4360 -3360 -5908 -1066 -3892 -6404 -4974 -6958 -7862 -3412 -4622 -898 -9096 -1930 -9538 -4642 -1272 -4442 -6870 -8478 -9984 -8698 -4770 -9120 -2274 -9576 -614 -4188 -1658 -6900 -8902 -6812 -1202 -6434 -8888 -2636 -3978 -9544 -208 -594 -1442 -4314 -4938 -6804 -6264 -6972 -7786 -4740 -8602 -8150 -1142 -1892 -1952 -578 -2056 -4710 -3064 -5362 -7246 -1076 -3330 -2106 -3626 -9692 -1042 -4040 -738 -8598 -514 -6204 -5914 -9212 -3246 -2546 -9480 -7218 -6438 -1210 -562 -3388 -9182 -4324 -776 -7828 -7142 -1064 -3082 -7060 -4106 -6750 -8114 -4986 -4808 -9928 -8252 -8596 -7674 -4400 -7942 -1464 -8014 -8704 -4094 -3872 -2442 -3556 -1708 -9758 -984 -7302 -7206 -9912 -5076 -1744 -9970 -2268 -8946 -5500 -5464 -3608 -7452 -3808 -8066 -6268 -6692 -9584 -1898 