-8396 -9526 -2158 -5356 -1566 -1984 -5096 -6218 -632 -5356 -3006 