-7838 -2856 -7054 -2638 -8564 -6858 -7740 -4696 -8662 -9948 -5564 -6722 -5184 -6590 -8826 -6532 -6748 -1414 -1694 -2664 -2216 -8078 -6580 -3530 -2384 -770 -8032 -9096 -5790 -3514 -2250 -3336 -4254 -9052 -9726 -1146 -6286 -970 -9200 -8530 -7292 -2294 -5970 -8102 -7104 -7700 -326 -4532 -3004 -5114 -5442 -1064 -8242 -2218 -8082 -114 -2992 -3676 -2940 -5060 -3068 -2836 -8780 -3348 -412 -3624 -5246 -3946 -2668 -8612 -3280 -1104 -3900 -756 -1228 -580 -6218 -8898 -760 -1550 -874 -4184 -9300 -6476 -8076 -3662 -1920 -730 -542 -2494 -1296 -5632 -4802 -2856 -5958 -8796 -8960 -6038 -1802 -740 -5628 -8892 -890 -7370 -2210 -8614 -4250 -9278 -1958 -8094 -1218 -5496 -5160 -976 -4544 -552 -8984 -4440 -3150 -8546 -7804 -4638 -4980 -6926 -7812 -3710 -8492 -1228 -9910 -5180 -5126 -902 