-5662 -6888 -6720 -6878 -4078 -7316 -9400 -3920 -7292 -5490 -3764 -9118 -2500 -6144 -9394 -5098 -3834 -1032 -8156 -5014 -1536 -8154 -5260 -3526 -5480 -2256 -4358 -7166 -3652 -4810 -9798 -2520 -642 -4600 -7162 -9544 -6552 -3940 -94 