-4774 -7008 -7582 -5292 -2298 -182 -9424 -1276 -5172 -8680 -6968 -2082 -1242 -1912 -5466 -4608 -6670 -1358 -5422 -5158 -538 -1958 -4912 -6984 -5580 -5434 -3484 -5852 -4836 -3188 -2476 -3316 -2766 -5224 -2038 -2702 -2668 -1144 -14 -4366 -554 -4322 -3672 -5298 -5288 -1182 -7610 -278 -4534 -5300 -2254 -6478 -6226 -660 -1142 -2586 -160 -2612 -9786 -3358 -4168 -1762 -8292 -8556 -9832 -88 -1352 -4574 -1472 -7704 -1200 -6246 -8208 -2930 -7628 -7700 -7804 