-5230 -5420 -2838 -1840 -3746 -6922 -6292 -4630 -2924 -538 -828 -8556 -4518 -672 -6006 -7338 -1566 -9292 -9404 -3750 -3560 -1590 -3958 -4378 -9434 -7112 -3576 -7874 -7028 -5952 -4694 -7086 -9056 -3618 -6124 -8624 -9314 -6338 -2096 -7222 -8970 -582 -3854 -1164 -4894 -4940 -9084 -364 -4816 -4490 -4758 -4742 -6772 -6470 -6170 -9118 -9554 -4958 -5184 -8728 -1242 -6142 -9246 -6830 -6630 -8594 -9048 -700 -1608 -7724 -564 -322 -5600 -2494 -738 -7398 -7922 -1178 -5788 -6554 -2182 -1434 -458 -6272 -950 -4716 -5084 -4494 -5050 -1896 -7872 -6782 -4440 -9332 -5714 -6094 -3916 -1912 -5364 -16 -6006 -2096 -3368 -9156 -5672 -8940 -8128 -2606 -1340 -8632 -2338 -6522 -8102 -9804 