-6522 -232 -7332 -318 -3246 -5254 -4746 -2646 -6452 -9130 -9040 -9244 -140 -7956 -1962 -5146 -9466 -210 -5440 -6602 -2292 -1608 -7934 