-5102 -1284 -7850 -9162 -7574 -8892 -180 -7506 -4170 -2378 -6036 -340 -7094 -4276 -290 -9028 -3616 -6898 -1622 -3724 -9464 -4482 -22 -6906 -5282 -8250 -1672 -3458 -8938 -8112 