-2760 -5662 -9030 -362 -4012 -8378 -6708 -2028 -4868 