-3446 -66 -2932 -4938 -1834 -4104 -2762 -436 -8382 -8270 -6078 -4490 -6702 -5172 -3878 -4544 -5130 -7828 -994 -706 -7150 -1188 -8612 -910 -672 -8570 -9678 -7528 -3482 -4368 -5080 -9558 -4960 -1568 -8814 -4292 -2998 -2896 -6066 -580 -3846 -184 -5536 -5836 -3388 -2958 -4272 -5822 -7340 -6090 -876 -7174 -5216 -2522 -7040 -4604 -4208 -9458 -3250 -5096 -2070 -3070 -3214 -1112 -104 -1734 -4366 -8754 -8674 -3256 -7250 -100 -230 -7488 -1708 -1260 -9770 -8050 -6148 -5766 -2362 