-1792 -2100 -1136 -3678 -9906 -5298 -4820 -3976 -6678 -1536 -1958 -4418 -1946 -7820 -1268 -9102 -6400 -4172 -2290 -5008 -4824 -7774 -6830 -7610 -2782 -670 -9950 -750 -8250 -734 -1154 -3952 -3684 -3260 -8986 -9972 -9744 -2990 -9778 -6722 -564 -9972 -7106 -6332 -7918 -3330 -5342 -9004 -9742 -9658 -3098 -6386 -9172 -1856 -6350 -2574 -3286 -6958 -34 -806 -2056 -810 -3170 -758 -6486 -2276 -1432 -5108 -9988 -8670 -674 -2306 -9822 -1960 -9164 -1852 -2744 -928 -600 -7338 -912 -1160 -7856 -4602 -6262 -158 -8508 -1536 -1454 -5652 -5440 -3930 -494 -9058 -7960 -1822 -5826 -4972 -7018 -6280 -9818 -6374 -404 -4780 -1538 -354 -6098 -3416 