-6108 -2 -8630 -3194 -6168 -2796 -5700 -7628 -4878 -8250 -4148 -7828 -9760 -9724 -1086 -1694 -1786 -9008 -9910 -1670 -2070 -554 -4568 -1174 -7486 -8024 -3302 -988 -8244 -9824 -5646 -7068 -5326 -9716 -3308 -6478 -5540 -6064 -3934 -3198 -9216 -2340 -2520 -6156 -9220 -7396 -2546 -2914 -9414 -816 -4772 -2274 -392 -9932 -3722 -9272 -9370 -9976 -1550 -8984 -2208 -6906 -4878 -7718 -4606 -3924 -2096 -6004 -8640 -4872 -2576 -3288 -8404 -3338 -7628 -5198 -3086 -1014 -498 -7788 -52 -2818 -6818 -1698 -8472 -6746 -2266 -3078 -9320 -1300 -6404 -4414 -4458 -4784 -9546 -2256 -4192 -4240 -7430 -9190 -2358 -3372 -306 -2216 -7944 -3126 -2294 -3324 -5818 -6074 -8244 -1630 -2932 -5450 -7272 -1582 -9970 -3204 -6026 -7008 -4786 -688 -9992 -2754 -990 -3552 -2998 -5714 -2326 -9124 -4218 -4382 -8128 -3304 -3996 -1228 -634 -392 -8660 -3670 -8014 -7244 -2572 -9110 -542 -4098 -144 -5914 -9490 -7120 -4952 -6658 -8198 -8962 -6384 