-9020 -672 -3204 -9778 -1902 -2086 -9528 -3846 -7426 -4668 -7004 -9732 -1470 -806 -4174 -3286 -4054 -7474 -4366 -8774 -6280 -5294 -6356 -630 -4606 -7248 -5812 -4244 -9390 -5928 -6728 -3712 -6808 -6220 -8 -4044 -1188 -8968 -3484 -1670 -7740 -8124 -9968 -7542 -3282 -8630 -8106 -3274 -1202 -6838 -9808 -5442 -9938 -2788 -6628 -3072 -4744 -1178 -5294 -9682 -2372 -5152 -1484 -3052 -6472 -1786 -8846 -5408 -3018 -682 -842 -7828 -5860 -6398 -884 -3886 -9876 -3778 -8822 -5876 -8362 -4680 -1774 -3110 -8320 -5590 -1566 -3826 -3706 -8306 -2202 -2244 -5868 -8806 -1118 -2996 -1512 -7690 -9192 -2896 -410 -2634 -4828 -282 -9116 -3582 -4866 -3470 -8518 -9692 -3056 -5188 