-9338 -2702 -1496 -4010 -5418 -5608 -5680 -648 -6208 -7060 -8366 -804 -5576 -3416 -3198 -8826 -3056 -4922 -3314 -3434 -9320 -582 -272 -3222 -5678 -2974 -2846 -5866 -2884 -6208 -716 -1866 -8340 -3684 -2268 -2506 -6688 -3374 -5940 -1626 -4850 -5848 -1108 -642 -1420 -394 -5040 -5342 -9876 -5266 -1574 -2428 -226 -7898 -8384 -9426 -9932 -9432 -9742 -2334 -1668 -8266 -5748 -358 -5040 -8662 -6636 -8484 -4460 -3266 -6526 -8714 -3656 -4788 -7174 -9904 -6728 -1278 -6878 -8576 -5230 -3650 -2204 -2512 -1114 -2536 -7834 -3546 -7116 -4694 -3448 -5202 -2144 -4422 -8776 -696 -5588 -3674 -7952 -2044 -2032 -1380 -7042 -2616 -5280 -9674 -6308 -1230 -932 -6942 -8034 -8444 -7528 -5046 -2194 -7758 -7688 -6986 -7206 -514 -1394 -6882 -5062 -3722 -3850 -8516 -4136 -244 -6558 -4600 -9244 -8260 -9278 -8240 -8040 -3964 -8360 -6344 -6180 -3818 -212 -5322 -6750 -5268 -5548 -3942 -6436 -7096 -3760 -6364 -1816 -7136 -8960 -8740 -5018 -7652 -7174 -6890 -4090 -2910 -7478 -9120 -9818 -4930 -3980 