-4636 -6320 -3570 -2690 -7962 -642 -6304 -4174 -6170 -5962 -3598 -4732 -4380 -1054 -276 -6786 -6792 -3706 -3624 -2348 -9460 -9016 -3572 -5456 -8240 -2572 -5402 -82 -6026 -4936 -8954 -5526 -3914 -4398 -8082 -6824 -5822 -7156 -712 -8036 -178 -1472 -6158 -3776 -2392 -9526 -1252 -2780 -6534 -7096 -3954 -2032 -7768 -4374 -6920 -1390 -1598 -4772 -8090 -206 -5938 -3738 -2604 -4068 -158 -5010 -556 -9464 -6552 -3276 -9028 