-1666 -1528 -9506 -5650 -5392 -8268 -1324 -2920 -8354 -4212 -4478 -8572 -3994 -6634 -8954 -3524 -7836 -5196 -1952 -1948 -7952 -1854 -3206 -5748 -3324 -8618 -6004 -9468 -1728 -7638 -4908 -70 -5942 -6892 -6626 -962 -1174 -5726 -6884 -7336 -9784 -8352 -8402 -3622 -5118 -9902 -4534 -1522 -7622 -1898 -3762 -8504 -2100 -8710 -2198 -3572 -4970 -630 -5772 -846 -6542 -9250 -6806 -8960 -1760 -6840 -6914 -9686 -6810 -9936 -4970 -9002 -7888 -7096 -1708 -644 -9054 -7992 -4586 -3468 -1106 -9652 