-1788 -4110 -3740 -6430 -2846 -2086 -9204 -2486 -9722 -3106 -4382 -8134 -3996 -3346 -9710 -5448 -3466 -5380 -8944 -7868 -1474 -9942 -5494 -2938 -1206 -766 -3250 -1616 -142 -7834 -2298 -996 -4454 -5224 -3118 -3884 -8218 -4074 -3240 -8942 -192 -4854 -4690 -5040 -134 -1946 -2662 -8268 -324 -7466 -6414 -3920 -3656 -8118 -8154 -7056 -9590 -6550 -3298 -444 -8848 -8224 -9032 -4824 -184 -8356 -6406 -7070 -9614 -8724 -9012 -506 -5106 -7046 -8054 -7114 -806 -6542 -3546 -638 -4694 -788 -2506 -564 -1234 -8178 -7458 -1632 -360 -3138 -5112 -6774 -5188 -1760 -6870 -9872 -5840 -4072 -9314 -6618 -7122 -5188 -5872 -324 -4650 -7510 -3860 -9828 -8220 -4232 -4632 -2498 -6678 -3772 -7214 -3808 -4598 -1116 -7230 -5836 -5438 -5914 -2328 -3182 -7884 -2940 -9424 -184 -9482 -2452 -4316 -8130 -8428 -8614 -1856 -5198 -2984 -5230 -9696 -9620 -4628 -6886 -5264 -9498 -8872 -1736 -9662 -96 -1852 -8852 -1236 -4186 -3182 -140 -3208 -8582 -5998 -7586 -7192 -3074 -1806 -9090 