-7628 -7348 -2596 -4446 -8782 -1024 -7826 -3338 -5438 -9958 -2346 -2752 -3126 -7954 -4122 -2698 -2862 -1448 -9950 -2652 -8546 -1744 -5122 -150 -4374 -6972 -5532 -7052 -6812 -1900 -2384 -2024 -2842 -5620 -4408 -1246 -3326 -7054 -7750 -5066 -6400 -1602 -9970 -2026 -5288 -296 -4710 -8134 -7670 -9140 -3002 -4526 -9732 -3080 -8650 -8792 -5560 -9942 -9806 -5180 -5068 -7284 -9720 -3192 -5112 -3896 -3408 -8462 -2780 -4506 -2552 -7104 -806 -8056 -3788 -9804 -1018 -6398 -4892 -9570 -532 -2810 -7450 -9202 -8384 -6938 -9816 -5438 -4942 -4170 -8024 -5654 -7758 -9068 -6908 -6704 -700 -8222 -4756 -8618 -9060 -2116 -5494 -4094 -7278 -3314 -3652 -1970 -9012 -4218 -4540 -4538 -2188 -196 -7092 -2044 -3888 -100 -9560 -1882 -7292 -348 -9048 -6930 -5510 -9836 -1210 -6228 -3928 -8454 -8912 -2388 -72 -4680 -4356 -4564 -8920 -2672 -4054 -3926 -8296 -9640 -372 -7790 -242 -1330 -4062 -6650 -6848 -7116 -6744 -2746 -9818 -5512 -2560 -4052 -290 -7966 -2930 -8608 -6238 -6406 -5328 -7200 -458 -9218 -5072 -5124 -5786 