-3138 -584 -5368 -8026 -2982 -3374 -652 -5326 -1258 -6490 -394 -4650 -1758 -2982 -1904 -7670 -1530 -284 -8548 -4650 -6718 -1424 -4140 -7080 -1990 -3238 -7576 -7202 -2078 -1852 -6468 -8518 -5496 -2372 -9854 -9546 -8848 -6808 -2666 -260 -1602 -2142 -400 -9018 -4178 -6928 -3328 -8666 -6752 -8252 -7214 -6448 -3390 -3202 