-3064 -1282 -4072 -646 -2024 -7564 -1592 -6068 -5774 -848 -8890 -9680 -9048 -1662 -2144 -6196 -2658 -5398 -3978 -650 -5360 -4688 -342 -8910 -8652 -6060 -3820 -9616 -7228 -8212 -5372 -8778 -4642 -1022 -7304 -7342 -4620 -6704 -6126 -9208 -1448 -9584 -134 -8126 -2790 -9176 -6288 -2698 -8968 -5888 -5212 -752 -9166 -2126 -1200 -6166 -9502 -1486 -1604 -4904 -2458 -7570 -2388 -4748 -5774 -3330 -1388 -1374 -4606 -1646 -4798 -1886 -194 -7038 -182 -6418 -4448 -4332 -3546 -4062 -4258 -972 -2866 -7356 -3802 -3468 -2548 -1490 -4660 -154 -648 -7976 -5020 -8812 -7868 -7012 -2702 -3248 -1694 -3874 -9404 -3142 -4302 -5236 -1346 -9014 -7456 -3504 -4952 -9564 -4514 -8630 -8448 -2332 -7336 -4214 -9610 -7680 -8808 -1924 -3770 -2348 -5548 -9082 -928 -3710 -7412 -7810 -5676 -7498 -1808 -1152 -1636 -970 -4708 