-220 -7810 -518 -3864 -514 -6424 -6422 -8458 -6212 -6172 -2282 -6402 -8994 -8836 -6340 -7772 -3256 -8786 -7476 -3882 -1882 -7926 -2378 -12 -7344 -1976 -4476 -8766 -2938 -6762 -1602 -3404 -970 -6452 -7440 -8682 -6330 -2704 -4278 -986 -5910 -684 -1564 -7672 -8366 -8278 -5618 -7216 -5346 -5734 -6676 -3168 -354 -9994 -8332 -592 -7602 -2862 -2898 -1488 -8500 -6418 -4118 -1866 -8678 -9388 -1728 -568 -6554 -5962 -3852 -7944 -4506 -5006 -5562 -8878 -1332 -6604 -1906 -5792 -6896 -5946 -5586 -9650 -9598 -8960 -9166 -5910 -1098 -6706 -3846 -126 -4524 -9964 -2628 -4664 -8148 -2318 -9588 -480 -4812 -8936 -9926 -7502 -66 -9334 -5136 -7684 -6252 -4770 -4728 -1586 -4010 -1952 -1234 -3278 -7350 -8204 -6964 -4508 -9368 -3946 -3390 -7878 -4076 -4462 -6038 -8818 -5030 -8100 -2600 -7792 -7790 -3386 -5084 -3188 -9250 -862 -2936 -268 -2026 -7166 -94 -6222 -372 -5780 -2092 -3852 -6732 -7314 -1736 -8142 -5628 -2656 -4168 