-2570 -2166 -2670 -5024 -6736 -8644 -9942 -6694 -5814 -8040 -5896 -1620 -284 -5114 