-5590 -6278 -1150 -2510 -7924 -7384 -3042 -704 -3686 -5534 -8928 -7258 -8800 -3232 -6634 -3728 -9006 -2136 -442 -5286 -7370 -960 -4866 -9468 -8392 -2452 -7290 -2080 -216 -8860 -6116 -8122 -7284 -9114 -5578 -9288 -2962 -4250 -2014 -670 -5120 