-622 -7142 -4018 -9050 -8564 -8882 -7398 -6318 -5912 -4860 -3172 -5714 -2792 -1392 -7354 -2494 -5298 -4312 -9760 -3492 -7070 -4638 -8184 -9418 -6320 